// Jest Snapshot v1, https://goo.gl/fbAQLP

exports[`NiceButton should render correctly 1`] = `
<button
  className="ui fluid button"
  id="id value"
  onClick={[Function]}
>
  description value
</button>
`;
